// Jest Snapshot v1, https://goo.gl/fbAQLP

exports[`matches the previous snapshot 1`] = `
<div
  className="container"
>
  <div
    className="text-right"
  >
    <a
      className="btn btn-primary"
      href="/?group=true"
      role="button"
      title="Click to group results by environment"
    >
      Group
    </a>
  </div>
  <div
    className="row"
  >
    <div
      className="col-4"
    >
      <h3
        className="text-center"
      >
        suite-name
      </h3>
      <div
        className="ct-chart"
        id="chart1"
      />
      <p
        className="text-center chart-label"
      />
      <p
        className="text-center text-muted"
      >
        <small>
          3 months ago
        </small>
      </p>
    </div>
    <div
      className="col-4"
    >
      <h3
        className="text-center"
      >
        suite-name 2
      </h3>
      <div
        className="ct-chart"
        id="chart2"
      />
      <p
        className="text-center chart-label"
      />
      <p
        className="text-center text-muted"
      >
        <small>
          in 10 months
        </small>
      </p>
    </div>
  </div>
</div>
`;
