// Jest Snapshot v1, https://goo.gl/fbAQLP

exports[`snapshot when grouped 1`] = `
<a
  className="btn btn-outline-primary float-right"
  href="/0"
  role="button"
  title="Click to ungroup results"
>
  Ungroup
</a>
`;

exports[`snapshot when not grouped 1`] = `
<a
  className="btn btn-primary float-right"
  href="/1?group=true"
  role="button"
  title="Click to group tests by environment"
>
  Group
</a>
`;
